// Jest Snapshot v1, https://goo.gl/fbAQLP

exports[`APP renders the heading 1`] = `
<App>
  <Root>
    <Provider
      store={
        Object {
          "dispatch": [Function],
          "getState": [Function],
          "replaceReducer": [Function],
          "subscribe": [Function],
          Symbol(observable): [Function],
        }
      }
    >
      <Counter>
        <h1>
          This is Sync example.
        </h1>
        <p>
          Counter
          : 
          <span
            className="counter"
          >
            0
          </span>
        </p>
        <button
          onClick={[Function]}
        >
          Increment
        </button>
        <button
          onClick={[Function]}
        >
          Decrement
        </button>
      </Counter>
      <User>
        <h1
          style={
            Object {
              "marginTop": "100px",
            }
          }
        >
          This is Async example.
        </h1>
        <div
          style={
            Object {
              "alignItems": "center",
              "display": "flex",
              "justifyContent": "flex-start",
              "marginTop": "50px",
            }
          }
        >
          <button
            onClick={[Function]}
          >
            FETCH HERO
          </button>
          <button
            onClick={[Function]}
          >
            FETCH RANDOM HERO
          </button>
          <button
            onClick={[Function]}
          >
            CLEAR USER
          </button>
        </div>
        <div
          style={
            Object {
              "width": "500px",
            }
          }
        >
          <div
            style={
              Object {
                "alignItems": "center",
                "display": "flex",
                "justifyContent": "flex-start",
                "marginTop": "25px",
              }
            }
          >
            <pre
              style={
                Object {
                  "background": "rgb(248,248,248)",
                  "borderRadius": "5px",
                  "boxShadow": "inset 0px 0px 5px 0px rgba(0,0,0,0.4)",
                  "color": "rgba(0,0,0,0.8)",
                  "height": "100%",
                  "padding": "20px",
                  "width": "100%",
                }
              }
            >
              <code>
                {}
              </code>
            </pre>
          </div>
        </div>
      </User>
    </Provider>
  </Root>
</App>
`;
